// Vitest Snapshot v1, https://vitest.dev/guide/snapshot.html

exports[`MyCounter >   should match snapshot 1`] = `
<div>
  <div
    style="display: flex; align-items: center; flex-direction: column; margin-top: 20px; margin-bottom: 20px;"
  >
    <h1>
      Counter: 
      5
    </h1>
    <div
      style="height: 20px;"
    />
    <div
      style="display: flex; gap: 10px;"
    >
      <button>
        -1
      </button>
      <button>
        Reset
      </button>
      <button>
        +1
      </button>
    </div>
  </div>
</div>
`;

exports[`MyCounterApp Testing >   should match snapshot 1`] = `
<div>
  <div
    style="display: flex; align-items: center; flex-direction: column; margin-top: 20px; margin-bottom: 20px;"
  >
    <h1>
      Counter: 
      5
    </h1>
    <div
      style="height: 20px;"
    />
    <div
      style="display: flex; gap: 10px;"
    >
      <button>
        -1
      </button>
      <button>
        Reset
      </button>
      <button>
        +1
      </button>
    </div>
  </div>
</div>
`;
