// Vitest Snapshot v1, https://vitest.dev/guide/snapshot.html

exports[`main > should render correctly 1`] = `
<div>
  <main />
</div>
`;

exports[`main > should work 1`] = `
<div>
  <main />
</div>
`;
